---
source: src/main.rs
expression: "&String::from_utf8_lossy(&writer)"
---
data:image/jpeg;base64,/9j/4AAQSkZJRgABAQEASABIAAD/2wCEAAEBAQEBAQEBAQEBAQEBAQEBAQEBAQEBAQEBAQEBAQEBAQEBAQEBAQEBAQEBAQEBAQEBAQEBAQEBAQEBAQEBAQEBAQEBAQEBAQEBAQEBAQEBAQEBAQEBAQEBAQEBAQEBAQEBAQEBAQEBAQEBAQEBAQEBAQEBAQEBAQEBAQEBAQEBAf/CABEIAC0AUAMBIgACEQEDEQH/xAAoAAEBAAAAAAAAAAAAAAAAAAAACQEBAQAAAAAAAAAAAAAAAAAAAAf/2gAMAwEAAhADEAAAAILiP1AAAAAAAAAAAAAAD//EABQQAQAAAAAAAAAAAAAAAAAAAFD/2gAIAQEAAT8Ac//EABQRAQAAAAAAAAAAAAAAAAAAADD/2gAIAQIBAT8Af//EABQRAQAAAAAAAAAAAAAAAAAAADD/2gAIAQMBAT8Af//Z
